// Jest Snapshot v1, https://goo.gl/fbAQLP

exports[`Trajectory should render self and subcomponents 1`] = `
<div
  className="trajectory"
/>
`;
