// Jest Snapshot v1, https://goo.gl/fbAQLP

exports[`Loader should render self and subcomponents 1`] = `
<div
  className="tooltip-pane"
>
  text
</div>
`;
